Archive member included to satisfy reference by file (symbol)

/home/abel/Ac6/SystemWorkbench/plugins/fr.ac6.mcu.externaltools.arm-none.linux64_1.15.0.201708311556/tools/compiler/bin/../lib/gcc/arm-none-eabi/6.3.1/../../../../arm-none-eabi/lib/thumb/v7e-m/fpv4-sp/hard/libc.a(lib_a-errno.o)
                              src/syscalls.o (__errno)
/home/abel/Ac6/SystemWorkbench/plugins/fr.ac6.mcu.externaltools.arm-none.linux64_1.15.0.201708311556/tools/compiler/bin/../lib/gcc/arm-none-eabi/6.3.1/../../../../arm-none-eabi/lib/thumb/v7e-m/fpv4-sp/hard/libc.a(lib_a-exit.o)
                              /home/abel/Ac6/SystemWorkbench/plugins/fr.ac6.mcu.externaltools.arm-none.linux64_1.15.0.201708311556/tools/compiler/bin/../lib/gcc/arm-none-eabi/6.3.1/../../../../arm-none-eabi/lib/thumb/v7e-m/fpv4-sp/hard/crt0.o (exit)
/home/abel/Ac6/SystemWorkbench/plugins/fr.ac6.mcu.externaltools.arm-none.linux64_1.15.0.201708311556/tools/compiler/bin/../lib/gcc/arm-none-eabi/6.3.1/../../../../arm-none-eabi/lib/thumb/v7e-m/fpv4-sp/hard/libc.a(lib_a-impure.o)
                              /home/abel/Ac6/SystemWorkbench/plugins/fr.ac6.mcu.externaltools.arm-none.linux64_1.15.0.201708311556/tools/compiler/bin/../lib/gcc/arm-none-eabi/6.3.1/../../../../arm-none-eabi/lib/thumb/v7e-m/fpv4-sp/hard/libc.a(lib_a-exit.o) (_global_impure_ptr)
/home/abel/Ac6/SystemWorkbench/plugins/fr.ac6.mcu.externaltools.arm-none.linux64_1.15.0.201708311556/tools/compiler/bin/../lib/gcc/arm-none-eabi/6.3.1/../../../../arm-none-eabi/lib/thumb/v7e-m/fpv4-sp/hard/libc.a(lib_a-init.o)
                              /home/abel/Ac6/SystemWorkbench/plugins/fr.ac6.mcu.externaltools.arm-none.linux64_1.15.0.201708311556/tools/compiler/bin/../lib/gcc/arm-none-eabi/6.3.1/../../../../arm-none-eabi/lib/thumb/v7e-m/fpv4-sp/hard/crt0.o (__libc_init_array)
/home/abel/Ac6/SystemWorkbench/plugins/fr.ac6.mcu.externaltools.arm-none.linux64_1.15.0.201708311556/tools/compiler/bin/../lib/gcc/arm-none-eabi/6.3.1/../../../../arm-none-eabi/lib/thumb/v7e-m/fpv4-sp/hard/libc.a(lib_a-memcpy.o)
                              FreeRTOS/queue.o (memcpy)
/home/abel/Ac6/SystemWorkbench/plugins/fr.ac6.mcu.externaltools.arm-none.linux64_1.15.0.201708311556/tools/compiler/bin/../lib/gcc/arm-none-eabi/6.3.1/../../../../arm-none-eabi/lib/thumb/v7e-m/fpv4-sp/hard/libc.a(lib_a-memset.o)
                              /home/abel/Ac6/SystemWorkbench/plugins/fr.ac6.mcu.externaltools.arm-none.linux64_1.15.0.201708311556/tools/compiler/bin/../lib/gcc/arm-none-eabi/6.3.1/../../../../arm-none-eabi/lib/thumb/v7e-m/fpv4-sp/hard/crt0.o (memset)
/home/abel/Ac6/SystemWorkbench/plugins/fr.ac6.mcu.externaltools.arm-none.linux64_1.15.0.201708311556/tools/compiler/bin/../lib/gcc/arm-none-eabi/6.3.1/../../../../arm-none-eabi/lib/thumb/v7e-m/fpv4-sp/hard/libc.a(lib_a-strlen.o)
                              src/usart2_comm.o (strlen)
/home/abel/Ac6/SystemWorkbench/plugins/fr.ac6.mcu.externaltools.arm-none.linux64_1.15.0.201708311556/tools/compiler/bin/../lib/gcc/arm-none-eabi/6.3.1/../../../../arm-none-eabi/lib/thumb/v7e-m/fpv4-sp/hard/libc.a(lib_a-__call_atexit.o)
                              /home/abel/Ac6/SystemWorkbench/plugins/fr.ac6.mcu.externaltools.arm-none.linux64_1.15.0.201708311556/tools/compiler/bin/../lib/gcc/arm-none-eabi/6.3.1/../../../../arm-none-eabi/lib/thumb/v7e-m/fpv4-sp/hard/libc.a(lib_a-exit.o) (__call_exitprocs)
/home/abel/Ac6/SystemWorkbench/plugins/fr.ac6.mcu.externaltools.arm-none.linux64_1.15.0.201708311556/tools/compiler/bin/../lib/gcc/arm-none-eabi/6.3.1/../../../../arm-none-eabi/lib/thumb/v7e-m/fpv4-sp/hard/libc.a(lib_a-atexit.o)
                              /home/abel/Ac6/SystemWorkbench/plugins/fr.ac6.mcu.externaltools.arm-none.linux64_1.15.0.201708311556/tools/compiler/bin/../lib/gcc/arm-none-eabi/6.3.1/../../../../arm-none-eabi/lib/thumb/v7e-m/fpv4-sp/hard/libc.a(lib_a-__call_atexit.o) (atexit)
/home/abel/Ac6/SystemWorkbench/plugins/fr.ac6.mcu.externaltools.arm-none.linux64_1.15.0.201708311556/tools/compiler/bin/../lib/gcc/arm-none-eabi/6.3.1/../../../../arm-none-eabi/lib/thumb/v7e-m/fpv4-sp/hard/libc.a(lib_a-fini.o)
                              /home/abel/Ac6/SystemWorkbench/plugins/fr.ac6.mcu.externaltools.arm-none.linux64_1.15.0.201708311556/tools/compiler/bin/../lib/gcc/arm-none-eabi/6.3.1/../../../../arm-none-eabi/lib/thumb/v7e-m/fpv4-sp/hard/libc.a(lib_a-__call_atexit.o) (__libc_fini_array)
/home/abel/Ac6/SystemWorkbench/plugins/fr.ac6.mcu.externaltools.arm-none.linux64_1.15.0.201708311556/tools/compiler/bin/../lib/gcc/arm-none-eabi/6.3.1/../../../../arm-none-eabi/lib/thumb/v7e-m/fpv4-sp/hard/libc.a(lib_a-lock.o)
                              /home/abel/Ac6/SystemWorkbench/plugins/fr.ac6.mcu.externaltools.arm-none.linux64_1.15.0.201708311556/tools/compiler/bin/../lib/gcc/arm-none-eabi/6.3.1/../../../../arm-none-eabi/lib/thumb/v7e-m/fpv4-sp/hard/libc.a(lib_a-__call_atexit.o) (__retarget_lock_acquire_recursive)
[...]
Memory Configuration

Name             Origin             Length             Attributes
RAM              0x0000000020000000 0x0000000000020000 xrw
ROM              0x0000000008000000 0x0000000000080000 xr
*default*        0x0000000000000000 0xffffffffffffffff

Linker script and memory map

LOAD /home/abel/Ac6/SystemWorkbench/plugins/fr.ac6.mcu.externaltools.arm-none.linux64_1.15.0.201708311556/tools/compiler/bin/../lib/gcc/arm-none-eabi/6.3.1/thumb/v7e-m/fpv4-sp/hard/crti.o
LOAD /home/abel/Ac6/SystemWorkbench/plugins/fr.ac6.mcu.externaltools.arm-none.linux64_1.15.0.201708311556/tools/compiler/bin/../lib/gcc/arm-none-eabi/6.3.1/thumb/v7e-m/fpv4-sp/hard/crtbegin.o
LOAD /home/abel/Ac6/SystemWorkbench/plugins/fr.ac6.mcu.externaltools.arm-none.linux64_1.15.0.201708311556/tools/compiler/bin/../lib/gcc/arm-none-eabi/6.3.1/../../../../arm-none-eabi/lib/thumb/v7e-m/fpv4-sp/hard/crt0.o
LOAD FreeRTOS/croutine.o
LOAD FreeRTOS/event_groups.o
LOAD FreeRTOS/list.o
LOAD FreeRTOS/queue.o
LOAD FreeRTOS/tasks.o
LOAD FreeRTOS/timers.o
LOAD FreeRTOS/portable/GCC/ARM_CM4F/port.o
LOAD FreeRTOS/portable/MemMang/heap_4.o
LOAD StdPeriph_Driver/src/misc.o
LOAD StdPeriph_Driver/src/stm32f4xx_adc.o
LOAD StdPeriph_Driver/src/stm32f4xx_can.o
LOAD StdPeriph_Driver/src/stm32f4xx_cec.o
LOAD StdPeriph_Driver/src/stm32f4xx_crc.o
LOAD StdPeriph_Driver/src/stm32f4xx_cryp.o
LOAD StdPeriph_Driver/src/stm32f4xx_cryp_aes.o
LOAD StdPeriph_Driver/src/stm32f4xx_cryp_des.o
LOAD StdPeriph_Driver/src/stm32f4xx_cryp_tdes.o
LOAD StdPeriph_Driver/src/stm32f4xx_dac.o
LOAD StdPeriph_Driver/src/stm32f4xx_dbgmcu.o
LOAD StdPeriph_Driver/src/stm32f4xx_dcmi.o
LOAD StdPeriph_Driver/src/stm32f4xx_dfsdm.o
LOAD StdPeriph_Driver/src/stm32f4xx_dma.o
LOAD StdPeriph_Driver/src/stm32f4xx_dma2d.o
LOAD StdPeriph_Driver/src/stm32f4xx_dsi.o
LOAD StdPeriph_Driver/src/stm32f4xx_exti.o
LOAD StdPeriph_Driver/src/stm32f4xx_flash.o
LOAD StdPeriph_Driver/src/stm32f4xx_flash_ramfunc.o
LOAD StdPeriph_Driver/src/stm32f4xx_fmc.o
LOAD StdPeriph_Driver/src/stm32f4xx_fmip2c.o
LOAD StdPeriph_Driver/src/stm32f4xx_fsmc.o
LOAD StdPeriph_Driver/src/stm32f4xx_gpio.o
LOAD StdPeriph_Driver/src/stm32f4xx_hash.o
LOAD StdPeriph_Driver/src/stm32f4xx_hash_md5.o
LOAD StdPeriph_Driver/src/stm32f4xx_hash_sha1.o
LOAD StdPeriph_Driver/src/stm32f4xx_i2c.o
LOAD StdPeriph_Driver/src/stm32f4xx_iwdg.o
LOAD StdPeriph_Driver/src/stm32f4xx_lptim.o
LOAD StdPeriph_Driver/src/stm32f4xx_ltdc.o
LOAD StdPeriph_Driver/src/stm32f4xx_pwr.o
LOAD StdPeriph_Driver/src/stm32f4xx_qspi.o
LOAD StdPeriph_Driver/src/stm32f4xx_rcc.o
LOAD StdPeriph_Driver/src/stm32f4xx_rng.o
LOAD StdPeriph_Driver/src/stm32f4xx_rtc.o
LOAD StdPeriph_Driver/src/stm32f4xx_sai.o
LOAD StdPeriph_Driver/src/stm32f4xx_sdio.o
LOAD StdPeriph_Driver/src/stm32f4xx_spdifrx.o
LOAD StdPeriph_Driver/src/stm32f4xx_spi.o
LOAD StdPeriph_Driver/src/stm32f4xx_syscfg.o
LOAD StdPeriph_Driver/src/stm32f4xx_tim.o
LOAD StdPeriph_Driver/src/stm32f4xx_usart.o
LOAD StdPeriph_Driver/src/stm32f4xx_wwdg.o
LOAD src/gpio_led.o
LOAD src/main.o
LOAD src/syscalls.o
LOAD src/system_stm32f4xx.o
LOAD src/usart2_comm.o
LOAD startup/startup_stm32.o
LOAD /home/abel/Ac6/SystemWorkbench/plugins/fr.ac6.mcu.externaltools.arm-none.linux64_1.15.0.201708311556/tools/compiler/bin/../lib/gcc/arm-none-eabi/6.3.1/../../../../arm-none-eabi/lib/thumb/v7e-m/fpv4-sp/hard/libm.a
START GROUP
LOAD /home/abel/Ac6/SystemWorkbench/plugins/fr.ac6.mcu.externaltools.arm-none.linux64_1.15.0.201708311556/tools/compiler/bin/../lib/gcc/arm-none-eabi/6.3.1/thumb/v7e-m/fpv4-sp/hard/libgcc.a
LOAD /home/abel/Ac6/SystemWorkbench/plugins/fr.ac6.mcu.externaltools.arm-none.linux64_1.15.0.201708311556/tools/compiler/bin/../lib/gcc/arm-none-eabi/6.3.1/../../../../arm-none-eabi/lib/thumb/v7e-m/fpv4-sp/hard/libc.a
END GROUP
LOAD /home/abel/Ac6/SystemWorkbench/plugins/fr.ac6.mcu.externaltools.arm-none.linux64_1.15.0.201708311556/tools/compiler/bin/../lib/gcc/arm-none-eabi/6.3.1/thumb/v7e-m/fpv4-sp/hard/crtend.o
LOAD /home/abel/Ac6/SystemWorkbench/plugins/fr.ac6.mcu.externaltools.arm-none.linux64_1.15.0.201708311556/tools/compiler/bin/../lib/gcc/arm-none-eabi/6.3.1/thumb/v7e-m/fpv4-sp/hard/crtn.o
                0x0000000020020000                _estack = 0x20020000
                0x0000000000000000                _Min_Heap_Size = 0x0
                0x0000000000000400                _Min_Stack_Size = 0x400

.isr_vector     0x0000000008000000      0x188
                0x0000000008000000                . = ALIGN (0x4)
 *(.isr_vector)
 .isr_vector    0x0000000008000000      0x188 startup/startup_stm32.o
                0x0000000008000000                g_pfnVectors
                0x0000000008000188                . = ALIGN (0x4)

.text           0x00000000080001c0     0x2764
                0x00000000080001c0                . = ALIGN (0x4)
 *(.text)
 .text          0x00000000080001c0       0x6c /home/abel/Ac6/SystemWorkbench/plugins/fr.ac6.mcu.externaltools.arm-none.linux64_1.15.0.201708311556/tools/compiler/bin/../lib/gcc/arm-none-eabi/6.3.1/thumb/v7e-m/fpv4-sp/hard/crtbegin.o
 .text          0x000000000800022c      0x134 /home/abel/Ac6/SystemWorkbench/plugins/fr.ac6.mcu.externaltools.arm-none.linux64_1.15.0.201708311556/tools/compiler/bin/../lib/gcc/arm-none-eabi/6.3.1/../../../../arm-none-eabi/lib/thumb/v7e-m/fpv4-sp/hard/libc.a(lib_a-memcpy.o)
                0x000000000800022c                memcpy
 *fill*         0x0000000008000360       0x20 
 .text          0x0000000008000380       0xdc /home/abel/Ac6/SystemWorkbench/plugins/fr.ac6.mcu.externaltools.arm-none.linux64_1.15.0.201708311556/tools/compiler/bin/../lib/gcc/arm-none-eabi/6.3.1/../../../../arm-none-eabi/lib/thumb/v7e-m/fpv4-sp/hard/libc.a(lib_a-strlen.o)
                0x0000000008000380                strlen
 *(.text*)
 .text.vListInitialise
                0x000000000800045c       0x18 FreeRTOS/list.o
                0x000000000800045c                vListInitialise
 .text.vListInitialiseItem
                0x0000000008000474        0x8 FreeRTOS/list.o
                0x0000000008000474                vListInitialiseItem
 .text.vListInsertEnd
                0x000000000800047c       0x20 FreeRTOS/list.o
                0x000000000800047c                vListInsertEnd
 .text.vListInsert
                0x000000000800049c       0x34 FreeRTOS/list.o
                0x000000000800049c                vListInsert
 .text.uxListRemove
                0x00000000080004d0       0x28 FreeRTOS/list.o
                0x00000000080004d0                uxListRemove
 .text.unlikely.prvCopyDataToQueue
                0x00000000080004f8       0x6c FreeRTOS/queue.o
 .text.unlikely.prvCopyDataFromQueue
                0x0000000008000564       0x26 FreeRTOS/queue.o
 *fill*         0x000000000800058a        0x2 
 .text.prvUnlockQueue
                0x000000000800058c       0x94 FreeRTOS/queue.o
 .text.xQueueGenericReset
                0x0000000008000620       0x90 FreeRTOS/queue.o
                0x0000000008000620                xQueueGenericReset
 .text.xQueueGenericCreateStatic
                0x00000000080006b0       0xac FreeRTOS/queue.o
                0x00000000080006b0                xQueueGenericCreateStatic
 .text.xQueueGenericSend
                0x000000000800075c      0x2ac FreeRTOS/queue.o
                0x000000000800075c                xQueueGenericSend
 .text.xQueueGenericSendFromISR
                0x0000000008000a08       0xc8 FreeRTOS/queue.o
                0x0000000008000a08                xQueueGenericSendFromISR
 .text.xQueueGenericReceive
                0x0000000008000ad0      0x2c4 FreeRTOS/queue.o
                0x0000000008000ad0                xQueueGenericReceive
 .text.vQueueAddToRegistry
                0x0000000008000d94       0x54 FreeRTOS/queue.o
                0x0000000008000d94                vQueueAddToRegistry
 .text.vQueueWaitForMessageRestricted
                0x0000000008000de8       0xcc FreeRTOS/queue.o
                0x0000000008000de8                vQueueWaitForMessageRestricted
 .text.prvAddNewTaskToReadyList
                0x0000000008000eb4       0xf8 FreeRTOS/tasks.o
 .text.prvAddCurrentTaskToDelayedList
                0x0000000008000fac       0x7c FreeRTOS/tasks.o
 .text.vTaskSetTimeOutState.part.7
                0x0000000008001028       0x14 FreeRTOS/tasks.o
 .text.xTaskCreateStatic
                0x000000000800103c       0xec FreeRTOS/tasks.o
                0x000000000800103c                xTaskCreateStatic
 .text.vTaskStartScheduler
                0x0000000008001128       0xfc FreeRTOS/tasks.o
                0x0000000008001128                vTaskStartScheduler
 .text.vTaskSuspendAll
                0x0000000008001224       0x14 FreeRTOS/tasks.o
                0x0000000008001224                vTaskSuspendAll
 .text.xTaskGetTickCount
                0x0000000008001238        0xc FreeRTOS/tasks.o
                0x0000000008001238                xTaskGetTickCount
 .text.xTaskIncrementTick
                0x0000000008001244      0x140 FreeRTOS/tasks.o
                0x0000000008001244                xTaskIncrementTick
 .text.xTaskResumeAll
                0x0000000008001384       0xf8 FreeRTOS/tasks.o
                0x0000000008001384                xTaskResumeAll
 .text.vTaskDelay
                0x000000000800147c       0x50 FreeRTOS/tasks.o
                0x000000000800147c                vTaskDelay
 .text.prvIdleTask
                0x00000000080014cc       0xa0 FreeRTOS/tasks.o
 .text.vTaskSwitchContext
                0x000000000800156c       0x94 FreeRTOS/tasks.o
                0x000000000800156c                vTaskSwitchContext
 .text.vTaskPlaceOnEventList
                0x0000000008001600       0x94 FreeRTOS/tasks.o
                0x0000000008001600                vTaskPlaceOnEventList
 .text.vTaskPlaceOnEventListRestricted
                0x0000000008001694       0xac FreeRTOS/tasks.o
                0x0000000008001694                vTaskPlaceOnEventListRestricted
 .text.xTaskRemoveFromEventList
                0x0000000008001740       0x7c FreeRTOS/tasks.o
                0x0000000008001740                xTaskRemoveFromEventList
 .text.vTaskSetTimeOutState
                0x00000000080017bc       0x28 FreeRTOS/tasks.o
                0x00000000080017bc                vTaskSetTimeOutState
 .text.xTaskCheckForTimeOut
                0x00000000080017e4       0x88 FreeRTOS/tasks.o
                0x00000000080017e4                xTaskCheckForTimeOut
 .text.vTaskMissedYield
                0x000000000800186c       0x10 FreeRTOS/tasks.o
                0x000000000800186c                vTaskMissedYield
 .text.xTaskGetSchedulerState
                0x000000000800187c       0x20 FreeRTOS/tasks.o
                0x000000000800187c                xTaskGetSchedulerState
 .text.vTaskPriorityInherit
                0x000000000800189c       0x98 FreeRTOS/tasks.o
                0x000000000800189c                vTaskPriorityInherit
 .text.xTaskPriorityDisinherit
                0x0000000008001934       0xac FreeRTOS/tasks.o
                0x0000000008001934                xTaskPriorityDisinherit
 .text.pvTaskIncrementMutexHeldCount
                0x00000000080019e0       0x18 FreeRTOS/tasks.o
                0x00000000080019e0                pvTaskIncrementMutexHeldCount
 .text.prvSwitchTimerLists
                0x00000000080019f8       0x88 FreeRTOS/timers.o
 .text.xTimerCreateTimerTask
                0x0000000008001a80       0xa4 FreeRTOS/timers.o
                0x0000000008001a80                xTimerCreateTimerTask
 .text.xTimerGenericCommand
                0x0000000008001b24       0x68 FreeRTOS/timers.o
                0x0000000008001b24                xTimerGenericCommand
 .text.prvTimerTask
                0x0000000008001b8c      0x218 FreeRTOS/timers.o
 .text.prvTaskExitError
                0x0000000008001da4       0x30 FreeRTOS/portable/GCC/ARM_CM4F/port.o
 .text.prvPortStartFirstTask
                0x0000000008001dd4       0x20 FreeRTOS/portable/GCC/ARM_CM4F/port.o
 .text.vPortEnableVFP
                0x0000000008001df4       0x14 FreeRTOS/portable/GCC/ARM_CM4F/port.o
 .text.pxPortInitialiseStack
                0x0000000008001e08       0x2c FreeRTOS/portable/GCC/ARM_CM4F/port.o
                0x0000000008001e08                pxPortInitialiseStack
 *fill*         0x0000000008001e34        0xc 
 .text.SVC_Handler
                0x0000000008001e40       0x24 FreeRTOS/portable/GCC/ARM_CM4F/port.o
                0x0000000008001e40                SVC_Handler
 .text.vPortEnterCritical
                0x0000000008001e64       0x44 FreeRTOS/portable/GCC/ARM_CM4F/port.o
                0x0000000008001e64                vPortEnterCritical
 .text.vPortExitCritical
                0x0000000008001ea8       0x28 FreeRTOS/portable/GCC/ARM_CM4F/port.o
                0x0000000008001ea8                vPortExitCritical
 .text.PendSV_Handler
                0x0000000008001ed0       0x64 FreeRTOS/portable/GCC/ARM_CM4F/port.o
                0x0000000008001ed0                PendSV_Handler
 .text.SysTick_Handler
                0x0000000008001f34       0x2c FreeRTOS/portable/GCC/ARM_CM4F/port.o
                0x0000000008001f34                SysTick_Handler
 .text.vPortSetupTimerInterrupt
                0x0000000008001f60       0x2c FreeRTOS/portable/GCC/ARM_CM4F/port.o
                0x0000000008001f60                vPortSetupTimerInterrupt
 .text.xPortStartScheduler
                0x0000000008001f8c       0xe8 FreeRTOS/portable/GCC/ARM_CM4F/port.o
                0x0000000008001f8c                xPortStartScheduler
 .text.vPortValidateInterruptPriority
                0x0000000008002074       0x58 FreeRTOS/portable/GCC/ARM_CM4F/port.o
                0x0000000008002074                vPortValidateInterruptPriority
 .text.unlikely.prvInsertBlockIntoFreeList
                0x00000000080020cc       0x4c FreeRTOS/portable/MemMang/heap_4.o
 .text.vPortFree
                0x0000000008002118       0x74 FreeRTOS/portable/MemMang/heap_4.o
                0x0000000008002118                vPortFree
 .text.NVIC_PriorityGroupConfig
                0x000000000800218c       0x14 StdPeriph_Driver/src/misc.o
                0x000000000800218c                NVIC_PriorityGroupConfig
 .text.GPIO_Init
                0x00000000080021a0       0xa8 StdPeriph_Driver/src/stm32f4xx_gpio.o
                0x00000000080021a0                GPIO_Init
 .text.GPIO_ToggleBits
                0x0000000008002248        0x8 StdPeriph_Driver/src/stm32f4xx_gpio.o
                0x0000000008002248                GPIO_ToggleBits
 .text.GPIO_PinAFConfig
                0x0000000008002250       0x2c StdPeriph_Driver/src/stm32f4xx_gpio.o
                0x0000000008002250                GPIO_PinAFConfig
 .text.RCC_GetClocksFreq
                0x000000000800227c       0x90 StdPeriph_Driver/src/stm32f4xx_rcc.o
                0x000000000800227c                RCC_GetClocksFreq
 .text.RCC_AHB1PeriphClockCmd
                0x000000000800230c       0x18 StdPeriph_Driver/src/stm32f4xx_rcc.o
                0x000000000800230c                RCC_AHB1PeriphClockCmd
 .text.RCC_APB1PeriphClockCmd
                0x0000000008002324       0x18 StdPeriph_Driver/src/stm32f4xx_rcc.o
                0x0000000008002324                RCC_APB1PeriphClockCmd
 .text.USART_Init
                0x000000000800233c       0xc4 StdPeriph_Driver/src/stm32f4xx_usart.o
                0x000000000800233c                USART_Init
 .text.USART_Cmd
                0x0000000008002400       0x1c StdPeriph_Driver/src/stm32f4xx_usart.o
                0x0000000008002400                USART_Cmd
 .text.USART_SendData
                0x000000000800241c        0x8 StdPeriph_Driver/src/stm32f4xx_usart.o
                0x000000000800241c                USART_SendData
 .text.USART_GetFlagStatus
                0x0000000008002424        0xc StdPeriph_Driver/src/stm32f4xx_usart.o
                0x0000000008002424                USART_GetFlagStatus
 .text.init_led_gpios
                0x0000000008002430       0x2c src/gpio_led.o
                0x0000000008002430                init_led_gpios
 .text.toggle_leds
                0x000000000800245c       0x34 src/gpio_led.o
                0x000000000800245c                toggle_leds
 .text.vTask1_print
                0x0000000008002490       0x18 src/main.o
                0x0000000008002490                vTask1_print
 .text.vTask2_print
                0x00000000080024a8       0x1c src/main.o
                0x00000000080024a8                vTask2_print
 .text.startup.main
                0x00000000080024c4       0x74 src/main.o
                0x00000000080024c4                main
 .text.vApplicationTickHook
                0x0000000008002538        0x4 src/main.o
                0x0000000008002538                vApplicationTickHook
 .text.vApplicationIdleHook
                0x000000000800253c        0x4 src/main.o
                0x000000000800253c                vApplicationIdleHook
 .text.vApplicationStackOverflowHook
                0x0000000008002540       0x14 src/main.o
                0x0000000008002540                vApplicationStackOverflowHook
 .text.vApplicationGetIdleTaskMemory
                0x0000000008002554       0x1c src/main.o
                0x0000000008002554                vApplicationGetIdleTaskMemory
 .text.vApplicationGetTimerTaskMemory
                0x0000000008002570       0x20 src/main.o
                0x0000000008002570                vApplicationGetTimerTaskMemory
 .text.SystemInit
                0x0000000008002590       0xb4 src/system_stm32f4xx.o
                0x0000000008002590                SystemInit
 .text.USART_TX_string
                0x0000000008002644       0x44 src/usart2_comm.o
                0x0000000008002644                USART_TX_string
 .text.init_USART2
                0x0000000008002688       0x80 src/usart2_comm.o
                0x0000000008002688                init_USART2
 .text.Reset_Handler
                0x0000000008002708       0x44 startup/startup_stm32.o
                0x0000000008002708                Reset_Handler
 .text.Default_Handler
                0x000000000800274c        0x2 startup/startup_stm32.o
                0x000000000800274c                RTC_Alarm_IRQHandler
                0x000000000800274c                HASH_RNG_IRQHandler
                0x000000000800274c                EXTI2_IRQHandler
                0x000000000800274c                TIM8_CC_IRQHandler
                0x000000000800274c                DebugMon_Handler
                0x000000000800274c                TIM1_CC_IRQHandler
                0x000000000800274c                DMA2_Stream5_IRQHandler
                0x000000000800274c                HardFault_Handler
                0x000000000800274c                DMA1_Stream5_IRQHandler
                0x000000000800274c                PVD_IRQHandler
                0x000000000800274c                SDIO_IRQHandler
                0x000000000800274c                TAMP_STAMP_IRQHandler
                0x000000000800274c                NMI_Handler
                0x000000000800274c                CAN2_RX1_IRQHandler
                0x000000000800274c                EXTI3_IRQHandler
                0x000000000800274c                TIM8_TRG_COM_TIM14_IRQHandler
                0x000000000800274c                TIM1_UP_TIM10_IRQHandler
                0x000000000800274c                TIM8_UP_TIM13_IRQHandler
                0x000000000800274c                I2C3_ER_IRQHandler
                0x000000000800274c                EXTI0_IRQHandler
                0x000000000800274c                I2C2_EV_IRQHandler
                0x000000000800274c                DMA1_Stream2_IRQHandler
                0x000000000800274c                CAN1_RX0_IRQHandler
                0x000000000800274c                FPU_IRQHandler
                0x000000000800274c                OTG_HS_WKUP_IRQHandler
                0x000000000800274c                UsageFault_Handler
                0x000000000800274c                CAN2_SCE_IRQHandler
                0x000000000800274c                DMA2_Stream2_IRQHandler
                0x000000000800274c                SPI1_IRQHandler
                0x000000000800274c                TIM6_DAC_IRQHandler
                0x000000000800274c                TIM1_BRK_TIM9_IRQHandler
                0x000000000800274c                DCMI_IRQHandler
                0x000000000800274c                CAN2_RX0_IRQHandler
                0x000000000800274c                DMA2_Stream3_IRQHandler
                0x000000000800274c                USART6_IRQHandler
                0x000000000800274c                USART3_IRQHandler
                0x000000000800274c                CRYP_IRQHandler
                0x000000000800274c                CAN1_RX1_IRQHandler
                0x000000000800274c                UART5_IRQHandler
                0x000000000800274c                DMA2_Stream0_IRQHandler
                0x000000000800274c                TIM4_IRQHandler
                0x000000000800274c                I2C1_EV_IRQHandler
                0x000000000800274c                DMA1_Stream6_IRQHandler
                0x000000000800274c                DMA1_Stream1_IRQHandler
                0x000000000800274c                UART4_IRQHandler
                0x000000000800274c                TIM3_IRQHandler
                0x000000000800274c                RCC_IRQHandler
                0x000000000800274c                TIM8_BRK_TIM12_IRQHandler
                0x000000000800274c                Default_Handler
                0x000000000800274c                EXTI15_10_IRQHandler
                0x000000000800274c                ADC_IRQHandler
                0x000000000800274c                DMA1_Stream7_IRQHandler
                0x000000000800274c                TIM7_IRQHandler
                0x000000000800274c                CAN2_TX_IRQHandler
                0x000000000800274c                TIM5_IRQHandler
                0x000000000800274c                DMA2_Stream7_IRQHandler
                0x000000000800274c                I2C3_EV_IRQHandler
                0x000000000800274c                EXTI9_5_IRQHandler
                0x000000000800274c                RTC_WKUP_IRQHandler
                0x000000000800274c                ETH_WKUP_IRQHandler
                0x000000000800274c                SPI2_IRQHandler
                0x000000000800274c                OTG_HS_EP1_IN_IRQHandler
                0x000000000800274c                MemManage_Handler
                0x000000000800274c                DMA1_Stream0_IRQHandler
                0x000000000800274c                CAN1_TX_IRQHandler
                0x000000000800274c                EXTI4_IRQHandler
                0x000000000800274c                FSMC_IRQHandler
                0x000000000800274c                ETH_IRQHandler
                0x000000000800274c                OTG_HS_EP1_OUT_IRQHandler
                0x000000000800274c                WWDG_IRQHandler
                0x000000000800274c                TIM2_IRQHandler
                0x000000000800274c                OTG_FS_WKUP_IRQHandler
                0x000000000800274c                TIM1_TRG_COM_TIM11_IRQHandler
                0x000000000800274c                OTG_HS_IRQHandler
                0x000000000800274c                EXTI1_IRQHandler
                0x000000000800274c                USART2_IRQHandler
                0x000000000800274c                I2C2_ER_IRQHandler
                0x000000000800274c                DMA2_Stream1_IRQHandler
                0x000000000800274c                CAN1_SCE_IRQHandler
                0x000000000800274c                FLASH_IRQHandler
                0x000000000800274c                DMA2_Stream4_IRQHandler
                0x000000000800274c                BusFault_Handler
                0x000000000800274c                USART1_IRQHandler
                0x000000000800274c                OTG_FS_IRQHandler
                0x000000000800274c                SPI3_IRQHandler
                0x000000000800274c                DMA1_Stream4_IRQHandler
                0x000000000800274c                I2C1_ER_IRQHandler
                0x000000000800274c                DMA2_Stream6_IRQHandler
                0x000000000800274c                DMA1_Stream3_IRQHandler
 *fill*         0x000000000800274e        0x2 
 .text.memset   0x0000000008002750       0x9c /home/abel/Ac6/SystemWorkbench/plugins/fr.ac6.mcu.externaltools.arm-none.linux64_1.15.0.201708311556/tools/compiler/bin/../lib/gcc/arm-none-eabi/6.3.1/../../../../arm-none-eabi/lib/thumb/v7e-m/fpv4-sp/hard/libc.a(lib_a-memset.o)
                0x0000000008002750                memset
 .text.startup.register_fini
                0x00000000080027ec       0x14 /home/abel/Ac6/SystemWorkbench/plugins/fr.ac6.mcu.externaltools.arm-none.linux64_1.15.0.201708311556/tools/compiler/bin/../lib/gcc/arm-none-eabi/6.3.1/../../../../arm-none-eabi/lib/thumb/v7e-m/fpv4-sp/hard/libc.a(lib_a-__call_atexit.o)
 .text.atexit   0x0000000008002800        0xc /home/abel/Ac6/SystemWorkbench/plugins/fr.ac6.mcu.externaltools.arm-none.linux64_1.15.0.201708311556/tools/compiler/bin/../lib/gcc/arm-none-eabi/6.3.1/../../../../arm-none-eabi/lib/thumb/v7e-m/fpv4-sp/hard/libc.a(lib_a-atexit.o)
                0x0000000008002800                atexit
 .text.__libc_fini_array
                0x000000000800280c       0x34 /home/abel/Ac6/SystemWorkbench/plugins/fr.ac6.mcu.externaltools.arm-none.linux64_1.15.0.201708311556/tools/compiler/bin/../lib/gcc/arm-none-eabi/6.3.1/../../../../arm-none-eabi/lib/thumb/v7e-m/fpv4-sp/hard/libc.a(lib_a-fini.o)
                0x000000000800280c                __libc_fini_array
 .text.__retarget_lock_acquire_recursive
                0x0000000008002840        0x4 /home/abel/Ac6/SystemWorkbench/plugins/fr.ac6.mcu.externaltools.arm-none.linux64_1.15.0.201708311556/tools/compiler/bin/../lib/gcc/arm-none-eabi/6.3.1/../../../../arm-none-eabi/lib/thumb/v7e-m/fpv4-sp/hard/libc.a(lib_a-lock.o)
                0x0000000008002840                __retarget_lock_acquire_recursive
 .text.__retarget_lock_release_recursive
                0x0000000008002844        0x4 /home/abel/Ac6/SystemWorkbench/plugins/fr.ac6.mcu.externaltools.arm-none.linux64_1.15.0.201708311556/tools/compiler/bin/../lib/gcc/arm-none-eabi/6.3.1/../../../../arm-none-eabi/lib/thumb/v7e-m/fpv4-sp/hard/libc.a(lib_a-lock.o)
                0x0000000008002844                __retarget_lock_release_recursive
 .text.__register_exitproc
                0x0000000008002848       0xc4 /home/abel/Ac6/SystemWorkbench/plugins/fr.ac6.mcu.externaltools.arm-none.linux64_1.15.0.201708311556/tools/compiler/bin/../lib/gcc/arm-none-eabi/6.3.1/../../../../arm-none-eabi/lib/thumb/v7e-m/fpv4-sp/hard/libc.a(lib_a-__atexit.o)
                0x0000000008002848                __register_exitproc
 *(.glue_7)
 .glue_7        0x000000000800290c        0x0 linker stubs
 *(.glue_7t)
 .glue_7t       0x000000000800290c        0x0 linker stubs
 *(.eh_frame)
 .eh_frame      0x000000000800290c        0x0 /home/abel/Ac6/SystemWorkbench/plugins/fr.ac6.mcu.externaltools.arm-none.linux64_1.15.0.201708311556/tools/compiler/bin/../lib/gcc/arm-none-eabi/6.3.1/thumb/v7e-m/fpv4-sp/hard/crtbegin.o
 *(.init)
 .init          0x000000000800290c        0x4 /home/abel/Ac6/SystemWorkbench/plugins/fr.ac6.mcu.externaltools.arm-none.linux64_1.15.0.201708311556/tools/compiler/bin/../lib/gcc/arm-none-eabi/6.3.1/thumb/v7e-m/fpv4-sp/hard/crti.o
                0x000000000800290c                _init
 .init          0x0000000008002910        0x8 /home/abel/Ac6/SystemWorkbench/plugins/fr.ac6.mcu.externaltools.arm-none.linux64_1.15.0.201708311556/tools/compiler/bin/../lib/gcc/arm-none-eabi/6.3.1/thumb/v7e-m/fpv4-sp/hard/crtn.o
 *(.fini)
 .fini          0x0000000008002918        0x4 /home/abel/Ac6/SystemWorkbench/plugins/fr.ac6.mcu.externaltools.arm-none.linux64_1.15.0.201708311556/tools/compiler/bin/../lib/gcc/arm-none-eabi/6.3.1/thumb/v7e-m/fpv4-sp/hard/crti.o
                0x0000000008002918                _fini
 .fini          0x000000000800291c        0x8 /home/abel/Ac6/SystemWorkbench/plugins/fr.ac6.mcu.externaltools.arm-none.linux64_1.15.0.201708311556/tools/compiler/bin/../lib/gcc/arm-none-eabi/6.3.1/thumb/v7e-m/fpv4-sp/hard/crtn.o
                0x0000000008002924                . = ALIGN (0x4)
                0x0000000008002924                _etext = .

.vfp11_veneer   0x0000000008002924        0x0
 .vfp11_veneer  0x0000000008002924        0x0 linker stubs

.v4_bx          0x0000000008002924        0x0
 .v4_bx         0x0000000008002924        0x0 linker stubs

.iplt           0x0000000008002924        0x0
 .iplt          0x0000000008002924        0x0 /home/abel/Ac6/SystemWorkbench/plugins/fr.ac6.mcu.externaltools.arm-none.linux64_1.15.0.201708311556/tools/compiler/bin/../lib/gcc/arm-none-eabi/6.3.1/thumb/v7e-m/fpv4-sp/hard/crtbegin.o

.rodata         0x0000000008002924       0x50
                0x0000000008002924                . = ALIGN (0x4)
 *(.rodata)
 *(.rodata*)
 .rodata.str1.4
                0x0000000008002924       0x10 FreeRTOS/timers.o
 .rodata.str1.4
                0x0000000008002934       0x3c src/main.o
 .rodata._global_impure_ptr
                0x0000000008002970        0x4 /home/abel/Ac6/SystemWorkbench/plugins/fr.ac6.mcu.externaltools.arm-none.linux64_1.15.0.201708311556/tools/compiler/bin/../lib/gcc/arm-none-eabi/6.3.1/../../../../arm-none-eabi/lib/thumb/v7e-m/fpv4-sp/hard/libc.a(lib_a-impure.o)
                0x0000000008002970                _global_impure_ptr
                0x0000000008002974                . = ALIGN (0x4)

.rel.dyn        0x0000000008002974        0x0
 .rel.iplt      0x0000000008002974        0x0 /home/abel/Ac6/SystemWorkbench/plugins/fr.ac6.mcu.externaltools.arm-none.linux64_1.15.0.201708311556/tools/compiler/bin/../lib/gcc/arm-none-eabi/6.3.1/thumb/v7e-m/fpv4-sp/hard/crtbegin.o

.ARM.extab      0x0000000008002974        0x0
                0x0000000008002974                . = ALIGN (0x4)
 *(.ARM.extab* .gnu.linkonce.armextab.*)
                0x0000000008002974                . = ALIGN (0x4)

.ARM            0x0000000008002974        0x0
                0x0000000008002974                . = ALIGN (0x4)
                0x0000000008002974                __exidx_start = .
 *(.ARM.exidx*)
                0x0000000008002974                __exidx_end = .
                0x0000000008002974                . = ALIGN (0x4)

.preinit_array  0x0000000008002974        0x0
                0x0000000008002974                . = ALIGN (0x4)
                0x0000000008002974                PROVIDE (__preinit_array_start, .)
 *(.preinit_array*)
                0x0000000008002974                PROVIDE (__preinit_array_end, .)
                0x0000000008002974                . = ALIGN (0x4)

.init_array     0x0000000008002974        0x8
                0x0000000008002974                . = ALIGN (0x4)
                0x0000000008002974                PROVIDE (__init_array_start, .)
 *(SORT(.init_array.*))
 .init_array.00000
                0x0000000008002974        0x4 /home/abel/Ac6/SystemWorkbench/plugins/fr.ac6.mcu.externaltools.arm-none.linux64_1.15.0.201708311556/tools/compiler/bin/../lib/gcc/arm-none-eabi/6.3.1/../../../../arm-none-eabi/lib/thumb/v7e-m/fpv4-sp/hard/libc.a(lib_a-__call_atexit.o)
 *(.init_array*)
 .init_array    0x0000000008002978        0x4 /home/abel/Ac6/SystemWorkbench/plugins/fr.ac6.mcu.externaltools.arm-none.linux64_1.15.0.201708311556/tools/compiler/bin/../lib/gcc/arm-none-eabi/6.3.1/thumb/v7e-m/fpv4-sp/hard/crtbegin.o
                0x000000000800297c                PROVIDE (__init_array_end, .)
                0x000000000800297c                . = ALIGN (0x4)

.fini_array     0x000000000800297c        0x4
                0x000000000800297c                . = ALIGN (0x4)
                0x000000000800297c                PROVIDE (__fini_array_start, .)
 *(SORT(.fini_array.*))
 *(.fini_array*)
 .fini_array    0x000000000800297c        0x4 /home/abel/Ac6/SystemWorkbench/plugins/fr.ac6.mcu.externaltools.arm-none.linux64_1.15.0.201708311556/tools/compiler/bin/../lib/gcc/arm-none-eabi/6.3.1/thumb/v7e-m/fpv4-sp/hard/crtbegin.o
                0x0000000008002980                PROVIDE (__fini_array_end, .)
                0x0000000008002980                . = ALIGN (0x4)
                0x0000000008002980                _sidata = LOADADDR (.data)

.data           0x0000000020000000      0x454 load address 0x0000000008002980
                0x0000000020000000                . = ALIGN (0x4)
                0x0000000020000000                _sdata = .
 *(.data)
 .data          0x0000000020000000        0x4 FreeRTOS/portable/GCC/ARM_CM4F/port.o
 .data          0x0000000020000004       0x10 StdPeriph_Driver/src/stm32f4xx_rcc.o
 .data          0x0000000020000014       0x14 src/system_stm32f4xx.o
                0x0000000020000014                AHBPrescTable
                0x0000000020000024                SystemCoreClock
 *(.data*)
 .data.impure_data
                0x0000000020000028      0x428 /home/abel/Ac6/SystemWorkbench/plugins/fr.ac6.mcu.externaltools.arm-none.linux64_1.15.0.201708311556/tools/compiler/bin/../lib/gcc/arm-none-eabi/6.3.1/../../../../arm-none-eabi/lib/thumb/v7e-m/fpv4-sp/hard/libc.a(lib_a-impure.o)
 .data.__atexit_recursive_mutex
                0x0000000020000450        0x4 /home/abel/Ac6/SystemWorkbench/plugins/fr.ac6.mcu.externaltools.arm-none.linux64_1.15.0.201708311556/tools/compiler/bin/../lib/gcc/arm-none-eabi/6.3.1/../../../../arm-none-eabi/lib/thumb/v7e-m/fpv4-sp/hard/libc.a(lib_a-__call_atexit.o)
                0x0000000020000450                __atexit_recursive_mutex
                0x0000000020000454                . = ALIGN (0x4)
                0x0000000020000454                _edata = .

.jcr            0x0000000020000454        0x0 load address 0x0000000008002dd4
 .jcr           0x0000000020000454        0x0 /home/abel/Ac6/SystemWorkbench/plugins/fr.ac6.mcu.externaltools.arm-none.linux64_1.15.0.201708311556/tools/compiler/bin/../lib/gcc/arm-none-eabi/6.3.1/thumb/v7e-m/fpv4-sp/hard/crtbegin.o

.igot.plt       0x0000000020000454        0x0 load address 0x0000000008002dd4
 .igot.plt      0x0000000020000454        0x0 /home/abel/Ac6/SystemWorkbench/plugins/fr.ac6.mcu.externaltools.arm-none.linux64_1.15.0.201708311556/tools/compiler/bin/../lib/gcc/arm-none-eabi/6.3.1/thumb/v7e-m/fpv4-sp/hard/crtbegin.o

.ccmram         0x0000000020000454      0xb78 load address 0x0000000008002dd4
 .ccmram        0x0000000020000454      0xb78 src/main.o
                0x0000000020000454                Task1Buff
                0x00000000200004ac                printTask1_Stack
                0x00000000200006ac                Task2Buff
                0x0000000020000704                printTask2_Stack
                0x0000000020000904                xIdleTaskTCB
                0x000000002000095c                uxIdleTaskStack
                0x0000000020000fcc                . = ALIGN (0x4)

.bss            0x0000000020000fcc    0x12ea4 load address 0x000000000800394c
                0x0000000020000fcc                _sbss = .
                0x0000000020000fcc                __bss_start__ = _sbss
 *(.bss)
 .bss           0x0000000020000fcc       0x1c /home/abel/Ac6/SystemWorkbench/plugins/fr.ac6.mcu.externaltools.arm-none.linux64_1.15.0.201708311556/tools/compiler/bin/../lib/gcc/arm-none-eabi/6.3.1/thumb/v7e-m/fpv4-sp/hard/crtbegin.o
 .bss           0x0000000020000fe8      0x100 FreeRTOS/tasks.o
                0x0000000020000fec                pxCurrentTCB
 .bss           0x00000000200010e8      0x104 FreeRTOS/timers.o
 .bss           0x00000000200011ec        0x8 FreeRTOS/portable/GCC/ARM_CM4F/port.o
 .bss           0x00000000200011f4    0x12c18 FreeRTOS/portable/MemMang/heap_4.o
 *(.bss*)
 *(COMMON)
 COMMON         0x0000000020013e0c       0x40 FreeRTOS/queue.o
                0x0000000020013e0c                xQueueRegistry
 COMMON         0x0000000020013e4c       0x21 /home/abel/Ac6/SystemWorkbench/plugins/fr.ac6.mcu.externaltools.arm-none.linux64_1.15.0.201708311556/tools/compiler/bin/../lib/gcc/arm-none-eabi/6.3.1/../../../../arm-none-eabi/lib/thumb/v7e-m/fpv4-sp/hard/libc.a(lib_a-lock.o)
                0x0000000020013e4c                __lock___atexit_recursive_mutex
                0x0000000020013e50                __lock___arc4random_mutex
                0x0000000020013e54                __lock___env_recursive_mutex
                0x0000000020013e58                __lock___sinit_recursive_mutex
                0x0000000020013e5c                __lock___malloc_recursive_mutex
                0x0000000020013e60                __lock___at_quick_exit_mutex
                0x0000000020013e64                __lock___dd_hash_mutex
                0x0000000020013e68                __lock___tz_mutex
                0x0000000020013e6c                __lock___sfp_recursive_mutex
                0x0000000020013e70                . = ALIGN (0x4)
 *fill*         0x0000000020013e6d        0x3 
                0x0000000020013e70                _ebss = .
                0x0000000020013e70                __bss_end__ = _ebss

._user_heap_stack
                0x0000000020013e70      0x400 load address 0x000000000800394c
                0x0000000020013e70                . = ALIGN (0x8)
                0x0000000020013e70                PROVIDE (end, .)
                [!provide]                        PROVIDE (_end, .)
                0x0000000020013e70                . = (. + _Min_Heap_Size)
                0x0000000020014270                . = (. + _Min_Stack_Size)
 *fill*         0x0000000020013e70      0x400 
                0x0000000020014270                . = ALIGN (0x8)

/DISCARD/
 libc.a(*)
 libm.a(*)
 libgcc.a(*)

.ARM.attributes
                0x0000000000000000       0x30
 *(.ARM.attributes)
 .ARM.attributes
                0x0000000000000000       0x22 /home/abel/Ac6/SystemWorkbench/plugins/fr.ac6.mcu.externaltools.arm-none.linux64_1.15.0.201708311556/tools/compiler/bin/../lib/gcc/arm-none-eabi/6.3.1/thumb/v7e-m/fpv4-sp/hard/crti.o
 .ARM.attributes
                0x0000000000000022       0x34 /home/abel/Ac6/SystemWorkbench/plugins/fr.ac6.mcu.externaltools.arm-none.linux64_1.15.0.201708311556/tools/compiler/bin/../lib/gcc/arm-none-eabi/6.3.1/thumb/v7e-m/fpv4-sp/hard/crtbegin.o
 .ARM.attributes
                0x0000000000000056       0x39 FreeRTOS/list.o
 .ARM.attributes
                0x000000000000008f       0x39 FreeRTOS/queue.o
 .ARM.attributes
                0x00000000000000c8       0x39 FreeRTOS/tasks.o
 .ARM.attributes
                0x0000000000000101       0x39 FreeRTOS/timers.o
 .ARM.attributes
                0x000000000000013a       0x39 FreeRTOS/portable/GCC/ARM_CM4F/port.o
 .ARM.attributes
                0x0000000000000173       0x39 FreeRTOS/portable/MemMang/heap_4.o
 .ARM.attributes
                0x00000000000001ac       0x39 StdPeriph_Driver/src/misc.o
 .ARM.attributes
                0x00000000000001e5       0x39 StdPeriph_Driver/src/stm32f4xx_gpio.o
 .ARM.attributes
                0x000000000000021e       0x39 StdPeriph_Driver/src/stm32f4xx_rcc.o
 .ARM.attributes
                0x0000000000000257       0x39 StdPeriph_Driver/src/stm32f4xx_usart.o
 .ARM.attributes
                0x0000000000000290       0x39 src/gpio_led.o
 .ARM.attributes
                0x00000000000002c9       0x39 src/main.o
 .ARM.attributes
                0x0000000000000302       0x39 src/system_stm32f4xx.o
 .ARM.attributes
                0x000000000000033b       0x39 src/usart2_comm.o
 .ARM.attributes
                0x0000000000000374       0x21 startup/startup_stm32.o
 .ARM.attributes
                0x0000000000000395       0x34 /home/abel/Ac6/SystemWorkbench/plugins/fr.ac6.mcu.externaltools.arm-none.linux64_1.15.0.201708311556/tools/compiler/bin/../lib/gcc/arm-none-eabi/6.3.1/../../../../arm-none-eabi/lib/thumb/v7e-m/fpv4-sp/hard/libc.a(lib_a-impure.o)
 .ARM.attributes
                0x00000000000003c9       0x20 /home/abel/Ac6/SystemWorkbench/plugins/fr.ac6.mcu.externaltools.arm-none.linux64_1.15.0.201708311556/tools/compiler/bin/../lib/gcc/arm-none-eabi/6.3.1/../../../../arm-none-eabi/lib/thumb/v7e-m/fpv4-sp/hard/libc.a(lib_a-memcpy.o)
 .ARM.attributes
                0x00000000000003e9       0x34 /home/abel/Ac6/SystemWorkbench/plugins/fr.ac6.mcu.externaltools.arm-none.linux64_1.15.0.201708311556/tools/compiler/bin/../lib/gcc/arm-none-eabi/6.3.1/../../../../arm-none-eabi/lib/thumb/v7e-m/fpv4-sp/hard/libc.a(lib_a-memset.o)
 .ARM.attributes
                0x000000000000041d       0x20 /home/abel/Ac6/SystemWorkbench/plugins/fr.ac6.mcu.externaltools.arm-none.linux64_1.15.0.201708311556/tools/compiler/bin/../lib/gcc/arm-none-eabi/6.3.1/../../../../arm-none-eabi/lib/thumb/v7e-m/fpv4-sp/hard/libc.a(lib_a-strlen.o)
 .ARM.attributes
                0x000000000000043d       0x34 /home/abel/Ac6/SystemWorkbench/plugins/fr.ac6.mcu.externaltools.arm-none.linux64_1.15.0.201708311556/tools/compiler/bin/../lib/gcc/arm-none-eabi/6.3.1/../../../../arm-none-eabi/lib/thumb/v7e-m/fpv4-sp/hard/libc.a(lib_a-__call_atexit.o)
 .ARM.attributes
                0x0000000000000471       0x34 /home/abel/Ac6/SystemWorkbench/plugins/fr.ac6.mcu.externaltools.arm-none.linux64_1.15.0.201708311556/tools/compiler/bin/../lib/gcc/arm-none-eabi/6.3.1/../../../../arm-none-eabi/lib/thumb/v7e-m/fpv4-sp/hard/libc.a(lib_a-atexit.o)
 .ARM.attributes
                0x00000000000004a5       0x34 /home/abel/Ac6/SystemWorkbench/plugins/fr.ac6.mcu.externaltools.arm-none.linux64_1.15.0.201708311556/tools/compiler/bin/../lib/gcc/arm-none-eabi/6.3.1/../../../../arm-none-eabi/lib/thumb/v7e-m/fpv4-sp/hard/libc.a(lib_a-fini.o)
 .ARM.attributes
                0x00000000000004d9       0x34 /home/abel/Ac6/SystemWorkbench/plugins/fr.ac6.mcu.externaltools.arm-none.linux64_1.15.0.201708311556/tools/compiler/bin/../lib/gcc/arm-none-eabi/6.3.1/../../../../arm-none-eabi/lib/thumb/v7e-m/fpv4-sp/hard/libc.a(lib_a-lock.o)
 .ARM.attributes
                0x000000000000050d       0x34 /home/abel/Ac6/SystemWorkbench/plugins/fr.ac6.mcu.externaltools.arm-none.linux64_1.15.0.201708311556/tools/compiler/bin/../lib/gcc/arm-none-eabi/6.3.1/../../../../arm-none-eabi/lib/thumb/v7e-m/fpv4-sp/hard/libc.a(lib_a-__atexit.o)
 .ARM.attributes
                0x0000000000000541       0x22 /home/abel/Ac6/SystemWorkbench/plugins/fr.ac6.mcu.externaltools.arm-none.linux64_1.15.0.201708311556/tools/compiler/bin/../lib/gcc/arm-none-eabi/6.3.1/thumb/v7e-m/fpv4-sp/hard/crtn.o
OUTPUT(FreeRTOS_Demo2.elf elf32-littlearm)

.comment        0x0000000000000000       0x7f
 .comment       0x0000000000000000       0x7f FreeRTOS/list.o
                                         0x80 (size before relaxing)
 .comment       0x000000000000007f       0x80 FreeRTOS/queue.o
 .comment       0x000000000000007f       0x80 FreeRTOS/tasks.o
 .comment       0x000000000000007f       0x80 FreeRTOS/timers.o
 .comment       0x000000000000007f       0x80 FreeRTOS/portable/GCC/ARM_CM4F/port.o
 .comment       0x000000000000007f       0x80 FreeRTOS/portable/MemMang/heap_4.o
 .comment       0x000000000000007f       0x80 StdPeriph_Driver/src/misc.o
 .comment       0x000000000000007f       0x80 StdPeriph_Driver/src/stm32f4xx_gpio.o
 .comment       0x000000000000007f       0x80 StdPeriph_Driver/src/stm32f4xx_rcc.o
 .comment       0x000000000000007f       0x80 StdPeriph_Driver/src/stm32f4xx_usart.o
 .comment       0x000000000000007f       0x80 src/gpio_led.o
 .comment       0x000000000000007f       0x80 src/main.o
 .comment       0x000000000000007f       0x80 src/system_stm32f4xx.o
 .comment       0x000000000000007f       0x80 src/usart2_comm.o

.debug_frame    0x0000000000000000      0x1c8
 .debug_frame   0x0000000000000000       0x34 /home/abel/Ac6/SystemWorkbench/plugins/fr.ac6.mcu.externaltools.arm-none.linux64_1.15.0.201708311556/tools/compiler/bin/../lib/gcc/arm-none-eabi/6.3.1/../../../../arm-none-eabi/lib/thumb/v7e-m/fpv4-sp/hard/libc.a(lib_a-memset.o)
 .debug_frame   0x0000000000000034       0x5c /home/abel/Ac6/SystemWorkbench/plugins/fr.ac6.mcu.externaltools.arm-none.linux64_1.15.0.201708311556/tools/compiler/bin/../lib/gcc/arm-none-eabi/6.3.1/../../../../arm-none-eabi/lib/thumb/v7e-m/fpv4-sp/hard/libc.a(lib_a-__call_atexit.o)
 .debug_frame   0x0000000000000090       0x20 /home/abel/Ac6/SystemWorkbench/plugins/fr.ac6.mcu.externaltools.arm-none.linux64_1.15.0.201708311556/tools/compiler/bin/../lib/gcc/arm-none-eabi/6.3.1/../../../../arm-none-eabi/lib/thumb/v7e-m/fpv4-sp/hard/libc.a(lib_a-atexit.o)
 .debug_frame   0x00000000000000b0       0x34 /home/abel/Ac6/SystemWorkbench/plugins/fr.ac6.mcu.externaltools.arm-none.linux64_1.15.0.201708311556/tools/compiler/bin/../lib/gcc/arm-none-eabi/6.3.1/../../../../arm-none-eabi/lib/thumb/v7e-m/fpv4-sp/hard/libc.a(lib_a-fini.o)
 .debug_frame   0x00000000000000e4       0xb0 /home/abel/Ac6/SystemWorkbench/plugins/fr.ac6.mcu.externaltools.arm-none.linux64_1.15.0.201708311556/tools/compiler/bin/../lib/gcc/arm-none-eabi/6.3.1/../../../../arm-none-eabi/lib/thumb/v7e-m/fpv4-sp/hard/libc.a(lib_a-lock.o)
 .debug_frame   0x0000000000000194       0x34 /home/abel/Ac6/SystemWorkbench/plugins/fr.ac6.mcu.externaltools.arm-none.linux64_1.15.0.201708311556/tools/compiler/bin/../lib/gcc/arm-none-eabi/6.3.1/../../../../arm-none-eabi/lib/thumb/v7e-m/fpv4-sp/hard/libc.a(lib_a-__atexit.o)
